Archive member included to satisfy reference by file (symbol)

c:/tools/gcc_arm/arm-gnu-toolchain-12.3.rel1-mingw-w64-i686-arm-none-eabi/bin/../lib/gcc/arm-none-eabi/12.3.1/thumb/v7e-m/nofp\libc.a(libc_a-exit.o)
                              c:/tools/gcc_arm/arm-gnu-toolchain-12.3.rel1-mingw-w64-i686-arm-none-eabi/bin/../lib/gcc/arm-none-eabi/12.3.1/thumb/v7e-m/nofp/crt0.o (exit)
c:/tools/gcc_arm/arm-gnu-toolchain-12.3.rel1-mingw-w64-i686-arm-none-eabi/bin/../lib/gcc/arm-none-eabi/12.3.1/thumb/v7e-m/nofp\libc.a(libc_a-findfp.o)
                              c:/tools/gcc_arm/arm-gnu-toolchain-12.3.rel1-mingw-w64-i686-arm-none-eabi/bin/../lib/gcc/arm-none-eabi/12.3.1/thumb/v7e-m/nofp\libc.a(libc_a-exit.o) (__stdio_exit_handler)
c:/tools/gcc_arm/arm-gnu-toolchain-12.3.rel1-mingw-w64-i686-arm-none-eabi/bin/../lib/gcc/arm-none-eabi/12.3.1/thumb/v7e-m/nofp\libc.a(libc_a-fwalk.o)
                              c:/tools/gcc_arm/arm-gnu-toolchain-12.3.rel1-mingw-w64-i686-arm-none-eabi/bin/../lib/gcc/arm-none-eabi/12.3.1/thumb/v7e-m/nofp\libc.a(libc_a-findfp.o) (_fwalk_sglue)
c:/tools/gcc_arm/arm-gnu-toolchain-12.3.rel1-mingw-w64-i686-arm-none-eabi/bin/../lib/gcc/arm-none-eabi/12.3.1/thumb/v7e-m/nofp\libc.a(libc_a-stdio.o)
                              c:/tools/gcc_arm/arm-gnu-toolchain-12.3.rel1-mingw-w64-i686-arm-none-eabi/bin/../lib/gcc/arm-none-eabi/12.3.1/thumb/v7e-m/nofp\libc.a(libc_a-findfp.o) (__sread)
c:/tools/gcc_arm/arm-gnu-toolchain-12.3.rel1-mingw-w64-i686-arm-none-eabi/bin/../lib/gcc/arm-none-eabi/12.3.1/thumb/v7e-m/nofp\libc.a(libc_a-memset.o)
                              c:/tools/gcc_arm/arm-gnu-toolchain-12.3.rel1-mingw-w64-i686-arm-none-eabi/bin/../lib/gcc/arm-none-eabi/12.3.1/thumb/v7e-m/nofp/crt0.o (memset)
c:/tools/gcc_arm/arm-gnu-toolchain-12.3.rel1-mingw-w64-i686-arm-none-eabi/bin/../lib/gcc/arm-none-eabi/12.3.1/thumb/v7e-m/nofp\libc.a(libc_a-closer.o)
                              c:/tools/gcc_arm/arm-gnu-toolchain-12.3.rel1-mingw-w64-i686-arm-none-eabi/bin/../lib/gcc/arm-none-eabi/12.3.1/thumb/v7e-m/nofp\libc.a(libc_a-stdio.o) (_close_r)
c:/tools/gcc_arm/arm-gnu-toolchain-12.3.rel1-mingw-w64-i686-arm-none-eabi/bin/../lib/gcc/arm-none-eabi/12.3.1/thumb/v7e-m/nofp\libc.a(libc_a-reent.o)
                              c:/tools/gcc_arm/arm-gnu-toolchain-12.3.rel1-mingw-w64-i686-arm-none-eabi/bin/../lib/gcc/arm-none-eabi/12.3.1/thumb/v7e-m/nofp\libc.a(libc_a-closer.o) (errno)
c:/tools/gcc_arm/arm-gnu-toolchain-12.3.rel1-mingw-w64-i686-arm-none-eabi/bin/../lib/gcc/arm-none-eabi/12.3.1/thumb/v7e-m/nofp\libc.a(libc_a-impure.o)
                              c:/tools/gcc_arm/arm-gnu-toolchain-12.3.rel1-mingw-w64-i686-arm-none-eabi/bin/../lib/gcc/arm-none-eabi/12.3.1/thumb/v7e-m/nofp\libc.a(libc_a-reent.o) (_impure_ptr)
c:/tools/gcc_arm/arm-gnu-toolchain-12.3.rel1-mingw-w64-i686-arm-none-eabi/bin/../lib/gcc/arm-none-eabi/12.3.1/thumb/v7e-m/nofp\libc.a(libc_a-lseekr.o)
                              c:/tools/gcc_arm/arm-gnu-toolchain-12.3.rel1-mingw-w64-i686-arm-none-eabi/bin/../lib/gcc/arm-none-eabi/12.3.1/thumb/v7e-m/nofp\libc.a(libc_a-stdio.o) (_lseek_r)
c:/tools/gcc_arm/arm-gnu-toolchain-12.3.rel1-mingw-w64-i686-arm-none-eabi/bin/../lib/gcc/arm-none-eabi/12.3.1/thumb/v7e-m/nofp\libc.a(libc_a-readr.o)
                              c:/tools/gcc_arm/arm-gnu-toolchain-12.3.rel1-mingw-w64-i686-arm-none-eabi/bin/../lib/gcc/arm-none-eabi/12.3.1/thumb/v7e-m/nofp\libc.a(libc_a-stdio.o) (_read_r)
c:/tools/gcc_arm/arm-gnu-toolchain-12.3.rel1-mingw-w64-i686-arm-none-eabi/bin/../lib/gcc/arm-none-eabi/12.3.1/thumb/v7e-m/nofp\libc.a(libc_a-writer.o)
                              c:/tools/gcc_arm/arm-gnu-toolchain-12.3.rel1-mingw-w64-i686-arm-none-eabi/bin/../lib/gcc/arm-none-eabi/12.3.1/thumb/v7e-m/nofp\libc.a(libc_a-stdio.o) (_write_r)
c:/tools/gcc_arm/arm-gnu-toolchain-12.3.rel1-mingw-w64-i686-arm-none-eabi/bin/../lib/gcc/arm-none-eabi/12.3.1/thumb/v7e-m/nofp\libc.a(libc_a-init.o)
                              c:/tools/gcc_arm/arm-gnu-toolchain-12.3.rel1-mingw-w64-i686-arm-none-eabi/bin/../lib/gcc/arm-none-eabi/12.3.1/thumb/v7e-m/nofp/crt0.o (__libc_init_array)
c:/tools/gcc_arm/arm-gnu-toolchain-12.3.rel1-mingw-w64-i686-arm-none-eabi/bin/../lib/gcc/arm-none-eabi/12.3.1/thumb/v7e-m/nofp\libc.a(libc_a-lock.o)
                              c:/tools/gcc_arm/arm-gnu-toolchain-12.3.rel1-mingw-w64-i686-arm-none-eabi/bin/../lib/gcc/arm-none-eabi/12.3.1/thumb/v7e-m/nofp\libc.a(libc_a-findfp.o) (__retarget_lock_init_recursive)
c:/tools/gcc_arm/arm-gnu-toolchain-12.3.rel1-mingw-w64-i686-arm-none-eabi/bin/../lib/gcc/arm-none-eabi/12.3.1/thumb/v7e-m/nofp\libc.a(libc_a-__call_atexit.o)
                              c:/tools/gcc_arm/arm-gnu-toolchain-12.3.rel1-mingw-w64-i686-arm-none-eabi/bin/../lib/gcc/arm-none-eabi/12.3.1/thumb/v7e-m/nofp\libc.a(libc_a-exit.o) (__call_exitprocs)
c:/tools/gcc_arm/arm-gnu-toolchain-12.3.rel1-mingw-w64-i686-arm-none-eabi/bin/../lib/gcc/arm-none-eabi/12.3.1/thumb/v7e-m/nofp\libc.a(libc_a-atexit.o)
[...]
Memory Configuration

Name             Origin             Length             Attributes
FLASH            0x08000000         0x00010000         xr
RAM              0x20000000         0x00002000         xrw
*default*        0x00000000         0xffffffff

Linker script and memory map

LOAD c:/tools/gcc_arm/arm-gnu-toolchain-12.3.rel1-mingw-w64-i686-arm-none-eabi/bin/../lib/gcc/arm-none-eabi/12.3.1/thumb/v7e-m/nofp/crti.o
LOAD c:/tools/gcc_arm/arm-gnu-toolchain-12.3.rel1-mingw-w64-i686-arm-none-eabi/bin/../lib/gcc/arm-none-eabi/12.3.1/thumb/v7e-m/nofp/crtbegin.o
LOAD c:/tools/gcc_arm/arm-gnu-toolchain-12.3.rel1-mingw-w64-i686-arm-none-eabi/bin/../lib/gcc/arm-none-eabi/12.3.1/thumb/v7e-m/nofp/crt0.o
LOAD CMakeFiles/RotorFly_fw.elf.dir/App/gd32f3x0_it.c.obj
LOAD CMakeFiles/RotorFly_fw.elf.dir/App/main.c.obj
LOAD CMakeFiles/RotorFly_fw.elf.dir/App/systick.c.obj
LOAD CMakeFiles/RotorFly_fw.elf.dir/Lib/GD32_Lib/CMSIS/GD/GD32F3x0/Source/GCC/startup_gd32f3x0.S.obj
LOAD CMakeFiles/RotorFly_fw.elf.dir/Lib/GD32_Lib/CMSIS/GD/GD32F3x0/Source/system_gd32f3x0.c.obj
LOAD CMakeFiles/RotorFly_fw.elf.dir/Lib/GD32_Lib/GD32F3x0_standard_peripheral/Source/gd32f3x0_adc.c.obj
LOAD CMakeFiles/RotorFly_fw.elf.dir/Lib/GD32_Lib/GD32F3x0_standard_peripheral/Source/gd32f3x0_cec.c.obj
LOAD CMakeFiles/RotorFly_fw.elf.dir/Lib/GD32_Lib/GD32F3x0_standard_peripheral/Source/gd32f3x0_cmp.c.obj
LOAD CMakeFiles/RotorFly_fw.elf.dir/Lib/GD32_Lib/GD32F3x0_standard_peripheral/Source/gd32f3x0_crc.c.obj
LOAD CMakeFiles/RotorFly_fw.elf.dir/Lib/GD32_Lib/GD32F3x0_standard_peripheral/Source/gd32f3x0_ctc.c.obj
LOAD CMakeFiles/RotorFly_fw.elf.dir/Lib/GD32_Lib/GD32F3x0_standard_peripheral/Source/gd32f3x0_dac.c.obj
LOAD CMakeFiles/RotorFly_fw.elf.dir/Lib/GD32_Lib/GD32F3x0_standard_peripheral/Source/gd32f3x0_dbg.c.obj
LOAD CMakeFiles/RotorFly_fw.elf.dir/Lib/GD32_Lib/GD32F3x0_standard_peripheral/Source/gd32f3x0_dma.c.obj
LOAD CMakeFiles/RotorFly_fw.elf.dir/Lib/GD32_Lib/GD32F3x0_standard_peripheral/Source/gd32f3x0_exti.c.obj
LOAD CMakeFiles/RotorFly_fw.elf.dir/Lib/GD32_Lib/GD32F3x0_standard_peripheral/Source/gd32f3x0_fmc.c.obj
LOAD CMakeFiles/RotorFly_fw.elf.dir/Lib/GD32_Lib/GD32F3x0_standard_peripheral/Source/gd32f3x0_fwdgt.c.obj
LOAD CMakeFiles/RotorFly_fw.elf.dir/Lib/GD32_Lib/GD32F3x0_standard_peripheral/Source/gd32f3x0_gpio.c.obj
LOAD CMakeFiles/RotorFly_fw.elf.dir/Lib/GD32_Lib/GD32F3x0_standard_peripheral/Source/gd32f3x0_i2c.c.obj
LOAD CMakeFiles/RotorFly_fw.elf.dir/Lib/GD32_Lib/GD32F3x0_standard_peripheral/Source/gd32f3x0_misc.c.obj
LOAD CMakeFiles/RotorFly_fw.elf.dir/Lib/GD32_Lib/GD32F3x0_standard_peripheral/Source/gd32f3x0_pmu.c.obj
LOAD CMakeFiles/RotorFly_fw.elf.dir/Lib/GD32_Lib/GD32F3x0_standard_peripheral/Source/gd32f3x0_rcu.c.obj
LOAD CMakeFiles/RotorFly_fw.elf.dir/Lib/GD32_Lib/GD32F3x0_standard_peripheral/Source/gd32f3x0_rtc.c.obj
LOAD CMakeFiles/RotorFly_fw.elf.dir/Lib/GD32_Lib/GD32F3x0_standard_peripheral/Source/gd32f3x0_spi.c.obj
LOAD CMakeFiles/RotorFly_fw.elf.dir/Lib/GD32_Lib/GD32F3x0_standard_peripheral/Source/gd32f3x0_syscfg.c.obj
LOAD CMakeFiles/RotorFly_fw.elf.dir/Lib/GD32_Lib/GD32F3x0_standard_peripheral/Source/gd32f3x0_timer.c.obj
LOAD CMakeFiles/RotorFly_fw.elf.dir/Lib/GD32_Lib/GD32F3x0_standard_peripheral/Source/gd32f3x0_tsi.c.obj
LOAD CMakeFiles/RotorFly_fw.elf.dir/Lib/GD32_Lib/GD32F3x0_standard_peripheral/Source/gd32f3x0_usart.c.obj
LOAD CMakeFiles/RotorFly_fw.elf.dir/Lib/GD32_Lib/GD32F3x0_standard_peripheral/Source/gd32f3x0_wwdgt.c.obj
START GROUP
LOAD c:/tools/gcc_arm/arm-gnu-toolchain-12.3.rel1-mingw-w64-i686-arm-none-eabi/bin/../lib/gcc/arm-none-eabi/12.3.1/thumb/v7e-m/nofp\libgcc.a
LOAD c:/tools/gcc_arm/arm-gnu-toolchain-12.3.rel1-mingw-w64-i686-arm-none-eabi/bin/../lib/gcc/arm-none-eabi/12.3.1/thumb/v7e-m/nofp\libc.a
END GROUP
LOAD c:/tools/gcc_arm/arm-gnu-toolchain-12.3.rel1-mingw-w64-i686-arm-none-eabi/bin/../lib/gcc/arm-none-eabi/12.3.1/thumb/v7e-m/nofp/crtend.o
LOAD c:/tools/gcc_arm/arm-gnu-toolchain-12.3.rel1-mingw-w64-i686-arm-none-eabi/bin/../lib/gcc/arm-none-eabi/12.3.1/thumb/v7e-m/nofp/crtn.o
                0x00000800                        __stack_size = DEFINED (__stack_size)?__stack_size:0x800

.vectors        0x08000000      0x150
                0x08000000                        . = ALIGN (0x4)
 *(.vectors)
 .vectors       0x08000000      0x150 CMakeFiles/RotorFly_fw.elf.dir/Lib/GD32_Lib/CMSIS/GD/GD32F3x0/Source/GCC/startup_gd32f3x0.S.obj
                0x08000000                __gVectors
                0x08000150                        . = ALIGN (0x4)
                0x08000150                        __Vectors_End = .
                0x08000150                        __Vectors_Size = (__Vectors_End - __gVectors)

.text           0x08000150      0x4d0
                0x08000150                        . = ALIGN (0x4)
 *(.text)
 *(.text*)
 .text.deregister_tm_clones
                0x08000150       0x1c c:/tools/gcc_arm/arm-gnu-toolchain-12.3.rel1-mingw-w64-i686-arm-none-eabi/bin/../lib/gcc/arm-none-eabi/12.3.1/thumb/v7e-m/nofp/crtbegin.o
 .text.register_tm_clones
                0x0800016c       0x24 c:/tools/gcc_arm/arm-gnu-toolchain-12.3.rel1-mingw-w64-i686-arm-none-eabi/bin/../lib/gcc/arm-none-eabi/12.3.1/thumb/v7e-m/nofp/crtbegin.o
 .text.__do_global_dtors_aux
                0x08000190       0x28 c:/tools/gcc_arm/arm-gnu-toolchain-12.3.rel1-mingw-w64-i686-arm-none-eabi/bin/../lib/gcc/arm-none-eabi/12.3.1/thumb/v7e-m/nofp/crtbegin.o
 .text.frame_dummy
                0x080001b8       0x24 c:/tools/gcc_arm/arm-gnu-toolchain-12.3.rel1-mingw-w64-i686-arm-none-eabi/bin/../lib/gcc/arm-none-eabi/12.3.1/thumb/v7e-m/nofp/crtbegin.o
 .text.NMI_Handler
                0x080001dc        0x2 CMakeFiles/RotorFly_fw.elf.dir/App/gd32f3x0_it.c.obj
                0x080001dc                NMI_Handler
 .text.HardFault_Handler
                0x080001de        0x2 CMakeFiles/RotorFly_fw.elf.dir/App/gd32f3x0_it.c.obj
                0x080001de                HardFault_Handler
 .text.MemManage_Handler
                0x080001e0        0x2 CMakeFiles/RotorFly_fw.elf.dir/App/gd32f3x0_it.c.obj
                0x080001e0                MemManage_Handler
 .text.BusFault_Handler
                0x080001e2        0x2 CMakeFiles/RotorFly_fw.elf.dir/App/gd32f3x0_it.c.obj
                0x080001e2                BusFault_Handler
 .text.UsageFault_Handler
                0x080001e4        0x2 CMakeFiles/RotorFly_fw.elf.dir/App/gd32f3x0_it.c.obj
                0x080001e4                UsageFault_Handler
 .text.SVC_Handler
                0x080001e6        0x2 CMakeFiles/RotorFly_fw.elf.dir/App/gd32f3x0_it.c.obj
                0x080001e6                SVC_Handler
 .text.DebugMon_Handler
                0x080001e8        0x2 CMakeFiles/RotorFly_fw.elf.dir/App/gd32f3x0_it.c.obj
                0x080001e8                DebugMon_Handler
 .text.PendSV_Handler
                0x080001ea        0x2 CMakeFiles/RotorFly_fw.elf.dir/App/gd32f3x0_it.c.obj
                0x080001ea                PendSV_Handler
 .text.SysTick_Handler
                0x080001ec        0x8 CMakeFiles/RotorFly_fw.elf.dir/App/gd32f3x0_it.c.obj
                0x080001ec                SysTick_Handler
 .text.main     0x080001f4        0x8 CMakeFiles/RotorFly_fw.elf.dir/App/main.c.obj
                0x080001f4                main
 .text.systick_config
                0x080001fc       0x40 CMakeFiles/RotorFly_fw.elf.dir/App/systick.c.obj
                0x080001fc                systick_config
 .text.delay_decrement
                0x0800023c       0x14 CMakeFiles/RotorFly_fw.elf.dir/App/systick.c.obj
                0x0800023c                delay_decrement
 .text.Reset_Handler
                0x08000250       0x4c CMakeFiles/RotorFly_fw.elf.dir/Lib/GD32_Lib/CMSIS/GD/GD32F3x0/Source/GCC/startup_gd32f3x0.S.obj
                0x08000250                Reset_Handler
 .text.Default_Handler
                0x0800029c        0x2 CMakeFiles/RotorFly_fw.elf.dir/Lib/GD32_Lib/CMSIS/GD/GD32F3x0/Source/GCC/startup_gd32f3x0.S.obj
                0x0800029c                TIMER2_IRQHandler
                0x0800029c                LVD_IRQHandler
                0x0800029c                TSI_IRQHandler
                0x0800029c                TIMER15_IRQHandler
                0x0800029c                USBFS_WKUP_IRQHandler
                0x0800029c                TIMER5_DAC_IRQHandler
                0x0800029c                USBFS_IRQHandler
                0x0800029c                I2C0_EV_IRQHandler
                0x0800029c                ADC_CMP_IRQHandler
                0x0800029c                SPI1_IRQHandler
                0x0800029c                DMA_Channel3_4_IRQHandler
                0x0800029c                TIMER14_IRQHandler
                0x0800029c                TIMER16_IRQHandler
                0x0800029c                EXTI2_3_IRQHandler
                0x0800029c                I2C0_ER_IRQHandler
                0x0800029c                RTC_IRQHandler
                0x0800029c                USART0_IRQHandler
                0x0800029c                TIMER1_IRQHandler
                0x0800029c                TIMER13_IRQHandler
                0x0800029c                I2C1_EV_IRQHandler
                0x0800029c                EXTI4_15_IRQHandler
                0x0800029c                Default_Handler
                0x0800029c                CEC_IRQHandler
                0x0800029c                WWDGT_IRQHandler
                0x0800029c                DMA_Channel5_6_IRQHandler
                0x0800029c                TIMER0_BRK_UP_TRG_COM_IRQHandler
                0x0800029c                EXTI0_1_IRQHandler
                0x0800029c                DMA_Channel1_2_IRQHandler
                0x0800029c                RCU_CTC_IRQHandler
                0x0800029c                TIMER0_Channel_IRQHandler
                0x0800029c                SPI0_IRQHandler
                0x0800029c                DMA_Channel0_IRQHandler
                0x0800029c                USART1_IRQHandler
                0x0800029c                I2C1_ER_IRQHandler
                0x0800029c                FMC_IRQHandler
 *fill*         0x0800029e        0x2 
 .text.system_clock_108m_hxtal
                0x080002a0       0xa4 CMakeFiles/RotorFly_fw.elf.dir/Lib/GD32_Lib/CMSIS/GD/GD32F3x0/Source/system_gd32f3x0.c.obj
 .text.system_clock_config
                0x08000344        0x8 CMakeFiles/RotorFly_fw.elf.dir/Lib/GD32_Lib/CMSIS/GD/GD32F3x0/Source/system_gd32f3x0.c.obj
 .text.SystemInit
                0x0800034c      0x1d4 CMakeFiles/RotorFly_fw.elf.dir/Lib/GD32_Lib/CMSIS/GD/GD32F3x0/Source/system_gd32f3x0.c.obj
                0x0800034c                SystemInit
 .text.nvic_vector_table_set
                0x08000520       0x18 CMakeFiles/RotorFly_fw.elf.dir/Lib/GD32_Lib/GD32F3x0_standard_peripheral/Source/gd32f3x0_misc.c.obj
                0x08000520                nvic_vector_table_set
 .text.__retarget_lock_acquire_recursive
                0x08000538        0x4 c:/tools/gcc_arm/arm-gnu-toolchain-12.3.rel1-mingw-w64-i686-arm-none-eabi/bin/../lib/gcc/arm-none-eabi/12.3.1/thumb/v7e-m/nofp\libc.a(libc_a-lock.o)
                0x08000538                __retarget_lock_acquire_recursive
 .text.__retarget_lock_release_recursive
                0x0800053c        0x4 c:/tools/gcc_arm/arm-gnu-toolchain-12.3.rel1-mingw-w64-i686-arm-none-eabi/bin/../lib/gcc/arm-none-eabi/12.3.1/thumb/v7e-m/nofp\libc.a(libc_a-lock.o)
                0x0800053c                __retarget_lock_release_recursive
 .text.startup.register_fini
                0x08000540       0x14 c:/tools/gcc_arm/arm-gnu-toolchain-12.3.rel1-mingw-w64-i686-arm-none-eabi/bin/../lib/gcc/arm-none-eabi/12.3.1/thumb/v7e-m/nofp\libc.a(libc_a-__call_atexit.o)
 .text.atexit   0x08000554        0xc c:/tools/gcc_arm/arm-gnu-toolchain-12.3.rel1-mingw-w64-i686-arm-none-eabi/bin/../lib/gcc/arm-none-eabi/12.3.1/thumb/v7e-m/nofp\libc.a(libc_a-atexit.o)
                0x08000554                atexit
 .text.__libc_fini_array
                0x08000560       0x28 c:/tools/gcc_arm/arm-gnu-toolchain-12.3.rel1-mingw-w64-i686-arm-none-eabi/bin/../lib/gcc/arm-none-eabi/12.3.1/thumb/v7e-m/nofp\libc.a(libc_a-fini.o)
                0x08000560                __libc_fini_array
 .text.__register_exitproc
                0x08000588       0x80 c:/tools/gcc_arm/arm-gnu-toolchain-12.3.rel1-mingw-w64-i686-arm-none-eabi/bin/../lib/gcc/arm-none-eabi/12.3.1/thumb/v7e-m/nofp\libc.a(libc_a-__atexit.o)
                0x08000588                __register_exitproc
 *(.glue_7)
 .glue_7        0x08000608        0x0 linker stubs
 *(.glue_7t)
 .glue_7t       0x08000608        0x0 linker stubs
 *(.eh_frame)
 .eh_frame      0x08000608        0x0 c:/tools/gcc_arm/arm-gnu-toolchain-12.3.rel1-mingw-w64-i686-arm-none-eabi/bin/../lib/gcc/arm-none-eabi/12.3.1/thumb/v7e-m/nofp/crtbegin.o
 *(.init)
 .init          0x08000608        0x4 c:/tools/gcc_arm/arm-gnu-toolchain-12.3.rel1-mingw-w64-i686-arm-none-eabi/bin/../lib/gcc/arm-none-eabi/12.3.1/thumb/v7e-m/nofp/crti.o
                0x08000608                _init
 .init          0x0800060c        0x8 c:/tools/gcc_arm/arm-gnu-toolchain-12.3.rel1-mingw-w64-i686-arm-none-eabi/bin/../lib/gcc/arm-none-eabi/12.3.1/thumb/v7e-m/nofp/crtn.o
 *(.fini)
 .fini          0x08000614        0x4 c:/tools/gcc_arm/arm-gnu-toolchain-12.3.rel1-mingw-w64-i686-arm-none-eabi/bin/../lib/gcc/arm-none-eabi/12.3.1/thumb/v7e-m/nofp/crti.o
                0x08000614                _fini
 .fini          0x08000618        0x8 c:/tools/gcc_arm/arm-gnu-toolchain-12.3.rel1-mingw-w64-i686-arm-none-eabi/bin/../lib/gcc/arm-none-eabi/12.3.1/thumb/v7e-m/nofp/crtn.o
                0x08000620                        . = ALIGN (0x4)
                0x08000620                        _etext = .

.vfp11_veneer   0x08000620        0x0
 .vfp11_veneer  0x08000620        0x0 linker stubs

.v4_bx          0x08000620        0x0
 .v4_bx         0x08000620        0x0 linker stubs

.iplt           0x08000620        0x0
 .iplt          0x08000620        0x0 c:/tools/gcc_arm/arm-gnu-toolchain-12.3.rel1-mingw-w64-i686-arm-none-eabi/bin/../lib/gcc/arm-none-eabi/12.3.1/thumb/v7e-m/nofp/crtbegin.o

.rel.dyn        0x08000620        0x0
 .rel.iplt      0x08000620        0x0 c:/tools/gcc_arm/arm-gnu-toolchain-12.3.rel1-mingw-w64-i686-arm-none-eabi/bin/../lib/gcc/arm-none-eabi/12.3.1/thumb/v7e-m/nofp/crtbegin.o

.rodata         0x08000620        0x0
                0x08000620                        . = ALIGN (0x4)
 *(.rodata)
 *(.rodata*)
                0x08000620                        . = ALIGN (0x4)

.ARM.extab
 *(.ARM.extab* .gnu.linkonce.armextab.*)

.ARM            0x08000620        0x0
                0x08000620                        __exidx_start = .
 *(.ARM.exidx*)
                0x08000620                        __exidx_end = .

.ARM.attributes
                0x08000620       0x2a
 *(.ARM.attributes)
 .ARM.attributes
                0x08000620       0x1e c:/tools/gcc_arm/arm-gnu-toolchain-12.3.rel1-mingw-w64-i686-arm-none-eabi/bin/../lib/gcc/arm-none-eabi/12.3.1/thumb/v7e-m/nofp/crti.o
 .ARM.attributes
                0x0800063e       0x2e c:/tools/gcc_arm/arm-gnu-toolchain-12.3.rel1-mingw-w64-i686-arm-none-eabi/bin/../lib/gcc/arm-none-eabi/12.3.1/thumb/v7e-m/nofp/crtbegin.o
 .ARM.attributes
                0x0800066c       0x2e CMakeFiles/RotorFly_fw.elf.dir/App/gd32f3x0_it.c.obj
 .ARM.attributes
                0x0800069a       0x2e CMakeFiles/RotorFly_fw.elf.dir/App/main.c.obj
 .ARM.attributes
                0x080006c8       0x2e CMakeFiles/RotorFly_fw.elf.dir/App/systick.c.obj
 .ARM.attributes
                0x080006f6       0x21 CMakeFiles/RotorFly_fw.elf.dir/Lib/GD32_Lib/CMSIS/GD/GD32F3x0/Source/GCC/startup_gd32f3x0.S.obj
 .ARM.attributes
                0x08000717       0x2e CMakeFiles/RotorFly_fw.elf.dir/Lib/GD32_Lib/CMSIS/GD/GD32F3x0/Source/system_gd32f3x0.c.obj
 .ARM.attributes
                0x08000745       0x2e CMakeFiles/RotorFly_fw.elf.dir/Lib/GD32_Lib/GD32F3x0_standard_peripheral/Source/gd32f3x0_misc.c.obj
 .ARM.attributes
                0x08000773       0x2e c:/tools/gcc_arm/arm-gnu-toolchain-12.3.rel1-mingw-w64-i686-arm-none-eabi/bin/../lib/gcc/arm-none-eabi/12.3.1/thumb/v7e-m/nofp\libc.a(libc_a-lock.o)
 .ARM.attributes
                0x080007a1       0x2e c:/tools/gcc_arm/arm-gnu-toolchain-12.3.rel1-mingw-w64-i686-arm-none-eabi/bin/../lib/gcc/arm-none-eabi/12.3.1/thumb/v7e-m/nofp\libc.a(libc_a-__call_atexit.o)
 .ARM.attributes
                0x080007cf       0x2e c:/tools/gcc_arm/arm-gnu-toolchain-12.3.rel1-mingw-w64-i686-arm-none-eabi/bin/../lib/gcc/arm-none-eabi/12.3.1/thumb/v7e-m/nofp\libc.a(libc_a-atexit.o)
 .ARM.attributes
                0x080007fd       0x2e c:/tools/gcc_arm/arm-gnu-toolchain-12.3.rel1-mingw-w64-i686-arm-none-eabi/bin/../lib/gcc/arm-none-eabi/12.3.1/thumb/v7e-m/nofp\libc.a(libc_a-fini.o)
 .ARM.attributes
                0x0800082b       0x2e c:/tools/gcc_arm/arm-gnu-toolchain-12.3.rel1-mingw-w64-i686-arm-none-eabi/bin/../lib/gcc/arm-none-eabi/12.3.1/thumb/v7e-m/nofp\libc.a(libc_a-__atexit.o)
 .ARM.attributes
                0x08000859       0x2e c:/tools/gcc_arm/arm-gnu-toolchain-12.3.rel1-mingw-w64-i686-arm-none-eabi/bin/../lib/gcc/arm-none-eabi/12.3.1/thumb/v7e-m/nofp/crtend.o
 .ARM.attributes
                0x08000887       0x1e c:/tools/gcc_arm/arm-gnu-toolchain-12.3.rel1-mingw-w64-i686-arm-none-eabi/bin/../lib/gcc/arm-none-eabi/12.3.1/thumb/v7e-m/nofp/crtn.o

.preinit_array  0x08000620        0x0
                0x08000620                        PROVIDE (__preinit_array_start = .)
 *(.preinit_array*)
                0x08000620                        PROVIDE (__preinit_array_end = .)

.init_array     0x08000620        0x8
                0x08000620                        PROVIDE (__init_array_start = .)
 *(SORT_BY_NAME(.init_array.*))
 .init_array.00000
                0x08000620        0x4 c:/tools/gcc_arm/arm-gnu-toolchain-12.3.rel1-mingw-w64-i686-arm-none-eabi/bin/../lib/gcc/arm-none-eabi/12.3.1/thumb/v7e-m/nofp\libc.a(libc_a-__call_atexit.o)
 *(.init_array*)
 .init_array    0x08000624        0x4 c:/tools/gcc_arm/arm-gnu-toolchain-12.3.rel1-mingw-w64-i686-arm-none-eabi/bin/../lib/gcc/arm-none-eabi/12.3.1/thumb/v7e-m/nofp/crtbegin.o
                0x08000628                        PROVIDE (__init_array_end = .)

.fini_array     0x08000628        0x4
                0x08000628                        PROVIDE (__fini_array_start = .)
 *(.fini_array*)
 .fini_array    0x08000628        0x4 c:/tools/gcc_arm/arm-gnu-toolchain-12.3.rel1-mingw-w64-i686-arm-none-eabi/bin/../lib/gcc/arm-none-eabi/12.3.1/thumb/v7e-m/nofp/crtbegin.o
 *(SORT_BY_NAME(.fini_array.*))
                0x0800062c                        PROVIDE (__fini_array_end = .)
                0x0800062c                        _sidata = LOADADDR (.data)

.data           0x20000000        0x8 load address 0x0800062c
                0x20000000                        . = ALIGN (0x4)
                0x20000000                        _sdata = .
 *(.data)
 *(.data*)
 .data.SystemCoreClock
                0x20000000        0x4 CMakeFiles/RotorFly_fw.elf.dir/Lib/GD32_Lib/CMSIS/GD/GD32F3x0/Source/system_gd32f3x0.c.obj
                0x20000000                SystemCoreClock
 .data.__atexit_recursive_mutex
                0x20000004        0x4 c:/tools/gcc_arm/arm-gnu-toolchain-12.3.rel1-mingw-w64-i686-arm-none-eabi/bin/../lib/gcc/arm-none-eabi/12.3.1/thumb/v7e-m/nofp\libc.a(libc_a-__call_atexit.o)
                0x20000004                __atexit_recursive_mutex
                0x20000008                        . = ALIGN (0x4)
                0x20000008                        _edata = .

.tm_clone_table
                0x20000008        0x0 load address 0x08000634
 .tm_clone_table
                0x20000008        0x0 c:/tools/gcc_arm/arm-gnu-toolchain-12.3.rel1-mingw-w64-i686-arm-none-eabi/bin/../lib/gcc/arm-none-eabi/12.3.1/thumb/v7e-m/nofp/crtbegin.o
 .tm_clone_table
                0x20000008        0x0 c:/tools/gcc_arm/arm-gnu-toolchain-12.3.rel1-mingw-w64-i686-arm-none-eabi/bin/../lib/gcc/arm-none-eabi/12.3.1/thumb/v7e-m/nofp/crtend.o

.igot.plt       0x20000008        0x0 load address 0x08000634
 .igot.plt      0x20000008        0x0 c:/tools/gcc_arm/arm-gnu-toolchain-12.3.rel1-mingw-w64-i686-arm-none-eabi/bin/../lib/gcc/arm-none-eabi/12.3.1/thumb/v7e-m/nofp/crtbegin.o
                0x20000008                        . = ALIGN (0x4)

.bss            0x20000008      0x1b8 load address 0x08000634
                0x20000008                        _sbss = .
                0x20000008                        __bss_start__ = _sbss
 *(.bss)
 *(.bss*)
 .bss.completed.1
                0x20000008        0x1 c:/tools/gcc_arm/arm-gnu-toolchain-12.3.rel1-mingw-w64-i686-arm-none-eabi/bin/../lib/gcc/arm-none-eabi/12.3.1/thumb/v7e-m/nofp/crtbegin.o
 *fill*         0x20000009        0x3 
 .bss.object.0  0x2000000c       0x18 c:/tools/gcc_arm/arm-gnu-toolchain-12.3.rel1-mingw-w64-i686-arm-none-eabi/bin/../lib/gcc/arm-none-eabi/12.3.1/thumb/v7e-m/nofp/crtbegin.o
 .bss.delay     0x20000024        0x4 CMakeFiles/RotorFly_fw.elf.dir/App/systick.c.obj
 .bss.__lock___atexit_recursive_mutex
                0x20000028        0x1 c:/tools/gcc_arm/arm-gnu-toolchain-12.3.rel1-mingw-w64-i686-arm-none-eabi/bin/../lib/gcc/arm-none-eabi/12.3.1/thumb/v7e-m/nofp\libc.a(libc_a-lock.o)
                0x20000028                __lock___atexit_recursive_mutex
 *fill*         0x20000029        0x3 
 .bss.__atexit  0x2000002c        0x4 c:/tools/gcc_arm/arm-gnu-toolchain-12.3.rel1-mingw-w64-i686-arm-none-eabi/bin/../lib/gcc/arm-none-eabi/12.3.1/thumb/v7e-m/nofp\libc.a(libc_a-__call_atexit.o)
                0x2000002c                __atexit
 .bss.__atexit0
                0x20000030      0x190 c:/tools/gcc_arm/arm-gnu-toolchain-12.3.rel1-mingw-w64-i686-arm-none-eabi/bin/../lib/gcc/arm-none-eabi/12.3.1/thumb/v7e-m/nofp\libc.a(libc_a-__atexit.o)
                0x20000030                __atexit0
 *(COMMON)
                0x200001c0                        . = ALIGN (0x4)
                0x200001c0                        _ebss = .
                0x200001c0                        __bss_end__ = _ebss
                0x200001c0                        . = ALIGN (0x8)
                0x200001c0                        PROVIDE (end = _ebss)
                [!provide]                        PROVIDE (_end = _ebss)

.stack          0x20001800      0x800 load address 0x200001c0
                [!provide]                        PROVIDE (_heap_end = .)
                0x00000800                        . = __stack_size
 *fill*         0x20001800      0x800 
                0x20002000                        PROVIDE (_sp = .)
START GROUP
LOAD c:/tools/gcc_arm/arm-gnu-toolchain-12.3.rel1-mingw-w64-i686-arm-none-eabi/bin/../lib/gcc/arm-none-eabi/12.3.1/thumb/v7e-m/nofp\libgcc.a
LOAD c:/tools/gcc_arm/arm-gnu-toolchain-12.3.rel1-mingw-w64-i686-arm-none-eabi/bin/../lib/gcc/arm-none-eabi/12.3.1/thumb/v7e-m/nofp\libc.a
LOAD c:/tools/gcc_arm/arm-gnu-toolchain-12.3.rel1-mingw-w64-i686-arm-none-eabi/bin/../lib/gcc/arm-none-eabi/12.3.1/thumb/v7e-m/nofp\libm.a
LOAD c:/tools/gcc_arm/arm-gnu-toolchain-12.3.rel1-mingw-w64-i686-arm-none-eabi/bin/../lib/gcc/arm-none-eabi/12.3.1/thumb/v7e-m/nofp\libnosys.a
END GROUP
OUTPUT(RotorFly_fw.elf elf32-littlearm)
LOAD linker stubs

.debug_info     0x00000000     0x10d7
 .debug_info    0x00000000      0x115 CMakeFiles/RotorFly_fw.elf.dir/App/gd32f3x0_it.c.obj
 .debug_info    0x00000115       0x95 CMakeFiles/RotorFly_fw.elf.dir/App/main.c.obj
 .debug_info    0x000001aa      0x68a CMakeFiles/RotorFly_fw.elf.dir/App/systick.c.obj
 .debug_info    0x00000834       0x30 CMakeFiles/RotorFly_fw.elf.dir/Lib/GD32_Lib/CMSIS/GD/GD32F3x0/Source/GCC/startup_gd32f3x0.S.obj
 .debug_info    0x00000864      0x328 CMakeFiles/RotorFly_fw.elf.dir/Lib/GD32_Lib/CMSIS/GD/GD32F3x0/Source/system_gd32f3x0.c.obj
 .debug_info    0x00000b8c      0x54b CMakeFiles/RotorFly_fw.elf.dir/Lib/GD32_Lib/GD32F3x0_standard_peripheral/Source/gd32f3x0_misc.c.obj

.debug_abbrev   0x00000000      0x63f
 .debug_abbrev  0x00000000       0x7c CMakeFiles/RotorFly_fw.elf.dir/App/gd32f3x0_it.c.obj
 .debug_abbrev  0x0000007c       0x61 CMakeFiles/RotorFly_fw.elf.dir/App/main.c.obj
 .debug_abbrev  0x000000dd      0x218 CMakeFiles/RotorFly_fw.elf.dir/App/systick.c.obj
 .debug_abbrev  0x000002f5       0x24 CMakeFiles/RotorFly_fw.elf.dir/Lib/GD32_Lib/CMSIS/GD/GD32F3x0/Source/GCC/startup_gd32f3x0.S.obj
 .debug_abbrev  0x00000319      0x1b8 CMakeFiles/RotorFly_fw.elf.dir/Lib/GD32_Lib/CMSIS/GD/GD32F3x0/Source/system_gd32f3x0.c.obj
 .debug_abbrev  0x000004d1      0x16e CMakeFiles/RotorFly_fw.elf.dir/Lib/GD32_Lib/GD32F3x0_standard_peripheral/Source/gd32f3x0_misc.c.obj

.debug_aranges  0x00000000      0x160
 .debug_aranges
                0x00000000       0x60 CMakeFiles/RotorFly_fw.elf.dir/App/gd32f3x0_it.c.obj
 .debug_aranges
                0x00000060       0x20 CMakeFiles/RotorFly_fw.elf.dir/App/main.c.obj
 .debug_aranges
                0x00000080       0x30 CMakeFiles/RotorFly_fw.elf.dir/App/systick.c.obj
 .debug_aranges
                0x000000b0       0x28 CMakeFiles/RotorFly_fw.elf.dir/Lib/GD32_Lib/CMSIS/GD/GD32F3x0/Source/GCC/startup_gd32f3x0.S.obj
 .debug_aranges
                0x000000d8       0x38 CMakeFiles/RotorFly_fw.elf.dir/Lib/GD32_Lib/CMSIS/GD/GD32F3x0/Source/system_gd32f3x0.c.obj
 .debug_aranges
                0x00000110       0x50 CMakeFiles/RotorFly_fw.elf.dir/Lib/GD32_Lib/GD32F3x0_standard_peripheral/Source/gd32f3x0_misc.c.obj

.debug_rnglists
                0x00000000       0xfa
 .debug_rnglists
                0x00000000       0x43 CMakeFiles/RotorFly_fw.elf.dir/App/gd32f3x0_it.c.obj
 .debug_rnglists
                0x00000043       0x13 CMakeFiles/RotorFly_fw.elf.dir/App/main.c.obj
 .debug_rnglists
                0x00000056       0x1f CMakeFiles/RotorFly_fw.elf.dir/App/systick.c.obj
 .debug_rnglists
                0x00000075       0x19 CMakeFiles/RotorFly_fw.elf.dir/Lib/GD32_Lib/CMSIS/GD/GD32F3x0/Source/GCC/startup_gd32f3x0.S.obj
 .debug_rnglists
                0x0000008e       0x34 CMakeFiles/RotorFly_fw.elf.dir/Lib/GD32_Lib/CMSIS/GD/GD32F3x0/Source/system_gd32f3x0.c.obj
 .debug_rnglists
                0x000000c2       0x38 CMakeFiles/RotorFly_fw.elf.dir/Lib/GD32_Lib/GD32F3x0_standard_peripheral/Source/gd32f3x0_misc.c.obj

.debug_line     0x00000000     0x11ee
 .debug_line    0x00000000      0x1f8 CMakeFiles/RotorFly_fw.elf.dir/App/gd32f3x0_it.c.obj
 .debug_line    0x000001f8       0xd7 CMakeFiles/RotorFly_fw.elf.dir/App/main.c.obj
 .debug_line    0x000002cf      0x3ac CMakeFiles/RotorFly_fw.elf.dir/App/systick.c.obj
 .debug_line    0x0000067b       0x76 CMakeFiles/RotorFly_fw.elf.dir/Lib/GD32_Lib/CMSIS/GD/GD32F3x0/Source/GCC/startup_gd32f3x0.S.obj
 .debug_line    0x000006f1      0x789 CMakeFiles/RotorFly_fw.elf.dir/Lib/GD32_Lib/CMSIS/GD/GD32F3x0/Source/system_gd32f3x0.c.obj
 .debug_line    0x00000e7a      0x374 CMakeFiles/RotorFly_fw.elf.dir/Lib/GD32_Lib/GD32F3x0_standard_peripheral/Source/gd32f3x0_misc.c.obj

.debug_str      0x00000000      0xa6c
 .debug_str     0x00000000      0x22c CMakeFiles/RotorFly_fw.elf.dir/App/gd32f3x0_it.c.obj
                                0x260 (size before relaxing)
 .debug_str     0x0000022c       0x58 CMakeFiles/RotorFly_fw.elf.dir/App/main.c.obj
                                0x1cd (size before relaxing)
 .debug_str     0x00000284      0x492 CMakeFiles/RotorFly_fw.elf.dir/App/systick.c.obj
                                0x657 (size before relaxing)
 .debug_str     0x00000716       0x92 CMakeFiles/RotorFly_fw.elf.dir/Lib/GD32_Lib/CMSIS/GD/GD32F3x0/Source/GCC/startup_gd32f3x0.S.obj
                                 0xcb (size before relaxing)
 .debug_str     0x000007a8      0x133 CMakeFiles/RotorFly_fw.elf.dir/Lib/GD32_Lib/CMSIS/GD/GD32F3x0/Source/system_gd32f3x0.c.obj
                                0x3b8 (size before relaxing)
 .debug_str     0x000008db      0x191 CMakeFiles/RotorFly_fw.elf.dir/Lib/GD32_Lib/GD32F3x0_standard_peripheral/Source/gd32f3x0_misc.c.obj
                                0x416 (size before relaxing)

.comment        0x00000000       0x45
 .comment       0x00000000       0x45 CMakeFiles/RotorFly_fw.elf.dir/App/gd32f3x0_it.c.obj
                                 0x46 (size before relaxing)
 .comment       0x00000045       0x46 CMakeFiles/RotorFly_fw.elf.dir/App/main.c.obj
 .comment       0x00000045       0x46 CMakeFiles/RotorFly_fw.elf.dir/App/systick.c.obj
 .comment       0x00000045       0x46 CMakeFiles/RotorFly_fw.elf.dir/Lib/GD32_Lib/CMSIS/GD/GD32F3x0/Source/system_gd32f3x0.c.obj
 .comment       0x00000045       0x46 CMakeFiles/RotorFly_fw.elf.dir/Lib/GD32_Lib/GD32F3x0_standard_peripheral/Source/gd32f3x0_misc.c.obj

.debug_frame    0x00000000      0x3a4
 .debug_frame   0x00000000       0xa8 CMakeFiles/RotorFly_fw.elf.dir/App/gd32f3x0_it.c.obj
 .debug_frame   0x000000a8       0x28 CMakeFiles/RotorFly_fw.elf.dir/App/main.c.obj
 .debug_frame   0x000000d0       0x40 CMakeFiles/RotorFly_fw.elf.dir/App/systick.c.obj
 .debug_frame   0x00000110       0x74 CMakeFiles/RotorFly_fw.elf.dir/Lib/GD32_Lib/CMSIS/GD/GD32F3x0/Source/system_gd32f3x0.c.obj
 .debug_frame   0x00000184       0x8c CMakeFiles/RotorFly_fw.elf.dir/Lib/GD32_Lib/GD32F3x0_standard_peripheral/Source/gd32f3x0_misc.c.obj
 .debug_frame   0x00000210       0xb0 c:/tools/gcc_arm/arm-gnu-toolchain-12.3.rel1-mingw-w64-i686-arm-none-eabi/bin/../lib/gcc/arm-none-eabi/12.3.1/thumb/v7e-m/nofp\libc.a(libc_a-lock.o)
 .debug_frame   0x000002c0       0x5c c:/tools/gcc_arm/arm-gnu-toolchain-12.3.rel1-mingw-w64-i686-arm-none-eabi/bin/../lib/gcc/arm-none-eabi/12.3.1/thumb/v7e-m/nofp\libc.a(libc_a-__call_atexit.o)
 .debug_frame   0x0000031c       0x20 c:/tools/gcc_arm/arm-gnu-toolchain-12.3.rel1-mingw-w64-i686-arm-none-eabi/bin/../lib/gcc/arm-none-eabi/12.3.1/thumb/v7e-m/nofp\libc.a(libc_a-atexit.o)
 .debug_frame   0x0000033c       0x34 c:/tools/gcc_arm/arm-gnu-toolchain-12.3.rel1-mingw-w64-i686-arm-none-eabi/bin/../lib/gcc/arm-none-eabi/12.3.1/thumb/v7e-m/nofp\libc.a(libc_a-fini.o)
 .debug_frame   0x00000370       0x34 c:/tools/gcc_arm/arm-gnu-toolchain-12.3.rel1-mingw-w64-i686-arm-none-eabi/bin/../lib/gcc/arm-none-eabi/12.3.1/thumb/v7e-m/nofp\libc.a(libc_a-__atexit.o)

.debug_loclists
                0x00000000      0x3a3
 .debug_loclists
                0x00000000       0x60 CMakeFiles/RotorFly_fw.elf.dir/App/systick.c.obj
 .debug_loclists
                0x00000060      0x19e CMakeFiles/RotorFly_fw.elf.dir/Lib/GD32_Lib/CMSIS/GD/GD32F3x0/Source/system_gd32f3x0.c.obj
 .debug_loclists
                0x000001fe      0x1a5 CMakeFiles/RotorFly_fw.elf.dir/Lib/GD32_Lib/GD32F3x0_standard_peripheral/Source/gd32f3x0_misc.c.obj

.debug_line_str
                0x00000000       0xaf
 .debug_line_str
                0x00000000       0xaf CMakeFiles/RotorFly_fw.elf.dir/Lib/GD32_Lib/CMSIS/GD/GD32F3x0/Source/GCC/startup_gd32f3x0.S.obj
